// Jest Snapshot v1, https://goo.gl/fbAQLP

exports[`should test Button component 1`] = `
<Fragment>
  <button
    id="btn"
  >
    add
  </button>
</Fragment>
`;
